// Jest Snapshot v1, https://goo.gl/fbAQLP

exports[`Calculator renders correctly 1`] = `
<div
  class="calculator"
>
  <div
    class="calculator__display"
  >
    <p
      class="calculator__display-text"
    >
      
      
    
    </p>
     
    <p
      class="calculator__display-text calculator__display-text-answer"
    >
      
    </p>
  </div>
   
  <div
    class="calculator__buttons-wrapper"
  >
    <div
      class="calculator__button-row"
    >
      <button
        class="calculator__button"
      >
        
        7
      
      </button>
      <button
        class="calculator__button"
      >
        
        8
      
      </button>
      <button
        class="calculator__button"
      >
        
        9
      
      </button>
      <button
        class="calculator__button calculator__button--operator"
      >
        
        +
      
      </button>
    </div>
    <div
      class="calculator__button-row"
    >
      <button
        class="calculator__button"
      >
        
        4
      
      </button>
      <button
        class="calculator__button"
      >
        
        5
      
      </button>
      <button
        class="calculator__button"
      >
        
        6
      
      </button>
      <button
        class="calculator__button calculator__button--operator"
      >
        
        -
      
      </button>
    </div>
    <div
      class="calculator__button-row"
    >
      <button
        class="calculator__button"
      >
        
        1
      
      </button>
      <button
        class="calculator__button"
      >
        
        2
      
      </button>
      <button
        class="calculator__button"
      >
        
        3
      
      </button>
      <button
        class="calculator__button calculator__button--operator"
      >
        
        *
      
      </button>
    </div>
    <div
      class="calculator__button-row"
    >
      <button
        class="calculator__button calculator__button--cancel"
      >
        
        c
      
      </button>
      <button
        class="calculator__button"
      >
        
        0
      
      </button>
      <button
        class="calculator__button calculator__button--calculate"
      >
        
        =
      
      </button>
      <button
        class="calculator__button calculator__button--operator"
      >
        
        /
      
      </button>
    </div>
  </div>
</div>
`;
